// Jest Snapshot v1, https://goo.gl/fbAQLP

exports[`should match snapshot 1`] = `
<DocumentFragment>
  <div
    class="Todo"
  >
    <p>
      Test todo
    </p>
    <button>
      Edit
    </button>
    <button>
      Remove
    </button>
  </div>
</DocumentFragment>
`;
